// Vitest Snapshot v1, https://vitest.dev/guide/snapshot.html

exports[`Posts > snapshot 1`] = `
<DocumentFragment>
  <ul
    class="grid gap-3 max-w-2xl mx-auto w-full"
  >
    <li
      class="smarthr-ui-Base shr-bg-white forced-colors:shr-border-shorthand contrast-more:shr-border-high-contrast shr-rounded-l shr-shadow-layer-1 p-4 grid gap-2"
    >
      <div
        class="shr-flex-wrap [&:empty]:shr-gap-0 shr-flex shr-gap-y-0.5 shr-gap-x-0.5 shr-items-center shr-justify-between"
      >
        <div
          class="flex items-center gap-2"
        >
          <a
            class="font-bold hover:underline"
            href="/pattern-1/user/undefined"
          >
            <span
              class="shr-flex-wrap [&:empty]:shr-gap-0 shr-flex shr-gap-y-0.5 shr-gap-x-0.5 shr-items-center"
            >
              <svg
                aria-hidden="true"
                class="smarthr-ui-Icon group-[]/iconWrapper:shr-shrink-0 group-[]/iconWrapper:shr-translate-y-[0.125em] forced-colors:shr-fill-[CanvasText]"
                fill="currentColor"
                focusable="false"
                height="1em"
                role="img"
                stroke="currentColor"
                stroke-width="0"
                viewBox="0 0 448 512"
                width="1em"
                xmlns="http://www.w3.org/2000/svg"
              >
                <path
                  d="M224 256A128 128 0 1 0 224 0a128 128 0 1 0 0 256zm-45.7 48C79.8 304 0 383.8 0 482.3C0 498.7 13.3 512 29.7 512H418.3c16.4 0 29.7-13.3 29.7-29.7C448 383.8 368.2 304 269.7 304H178.3z"
                />
              </svg>
              <span>
                user-1
              </span>
            </span>
          </a>
          <span
            class="text-sm text-gray-600"
          >
            NaN-NaN-NaN NaN:NaN
          </span>
          <span
            class="text-sm flex items-center gap-1"
          >
            <svg
              aria-hidden="true"
              class="smarthr-ui-Icon group-[]/iconWrapper:shr-shrink-0 group-[]/iconWrapper:shr-translate-y-[0.125em] forced-colors:shr-fill-[CanvasText] text-yellow-500"
              fill="currentColor"
              focusable="false"
              height="1em"
              role="img"
              stroke="currentColor"
              stroke-width="0"
              viewBox="0 0 576 512"
              width="1em"
              xmlns="http://www.w3.org/2000/svg"
            >
              <path
                d="M316.9 18C311.6 7 300.4 0 288.1 0s-23.4 7-28.8 18L195 150.3 51.4 171.5c-12 1.8-22 10.2-25.7 21.7s-.7 24.2 7.9 32.7L137.8 329 113.2 474.7c-2 12 3 24.2 12.9 31.3s23 8 33.8 2.3l128.3-68.5 128.3 68.5c10.8 5.7 23.9 4.9 33.8-2.3s14.9-19.3 12.9-31.3L438.5 329 542.7 225.9c8.6-8.5 11.7-21.2 7.9-32.7s-13.7-19.9-25.7-21.7L381.2 150.3 316.9 18z"
              />
            </svg>
            <span />
          </span>
        </div>
        <button
          class="disabled:shr-cursor-not-allowed disabled:shr-bg-clip-padding [&_.smarthr-ui-Icon]:forced-colors:disabled:shr-fill-[GrayText] shr-box-border shr-cursor-pointer shr-inline-flex shr-justify-center shr-items-center shr-gap-0.5 shr-text-center shr-whitespace-nowrap shr-rounded-m shr-border-shorthand shr-font-inherit shr-font-bold shr-leading-none focus-visible:shr-focus-indicator contrast-more:shr-border-high-contrast [&_.smarthr-ui-Icon]:shr-block [&_svg]:shr-block shr-p-0.5 shr-text-sm shr-min-h-[calc(theme(fontSize.sm)+theme(spacing.1)+theme(borderWidth.2))] shr-border-main shr-bg-main shr-text-white focus-visible:shr-border-main-darken focus-visible:shr-bg-main-darken hover:shr-border-main-darken hover:shr-bg-main-darken disabled:shr-border-main/50 disabled:shr-bg-main/50 disabled:shr-text-white/50 smarthr-ui-Button"
          type="button"
        >
          <span
            class="shr-min-w-0 shr-leading-[0]"
          >
            <div
              class="flex items-center gap-2"
            >
              <svg
                aria-hidden="true"
                class="smarthr-ui-Icon group-[]/iconWrapper:shr-shrink-0 group-[]/iconWrapper:shr-translate-y-[0.125em] forced-colors:shr-fill-[CanvasText]"
                fill="currentColor"
                focusable="false"
                height="1em"
                role="img"
                stroke="currentColor"
                stroke-width="0"
                viewBox="0 0 576 512"
                width="1em"
                xmlns="http://www.w3.org/2000/svg"
              >
                <path
                  d="M316.9 18C311.6 7 300.4 0 288.1 0s-23.4 7-28.8 18L195 150.3 51.4 171.5c-12 1.8-22 10.2-25.7 21.7s-.7 24.2 7.9 32.7L137.8 329 113.2 474.7c-2 12 3 24.2 12.9 31.3s23 8 33.8 2.3l128.3-68.5 128.3 68.5c10.8 5.7 23.9 4.9 33.8-2.3s14.9-19.3 12.9-31.3L438.5 329 542.7 225.9c8.6-8.5 11.7-21.2 7.9-32.7s-13.7-19.9-25.7-21.7L381.2 150.3 316.9 18z"
                />
              </svg>
              <span>
                いいね
              </span>
            </div>
          </span>
        </button>
      </div>
      <p>
        Hello world
      </p>
    </li>
    <li
      class="smarthr-ui-Base shr-bg-white forced-colors:shr-border-shorthand contrast-more:shr-border-high-contrast shr-rounded-l shr-shadow-layer-1 p-4 grid gap-2"
    >
      <div
        class="shr-flex-wrap [&:empty]:shr-gap-0 shr-flex shr-gap-y-0.5 shr-gap-x-0.5 shr-items-center shr-justify-between"
      >
        <div
          class="flex items-center gap-2"
        >
          <a
            class="font-bold hover:underline"
            href="/pattern-1/user/undefined"
          >
            <span
              class="shr-flex-wrap [&:empty]:shr-gap-0 shr-flex shr-gap-y-0.5 shr-gap-x-0.5 shr-items-center"
            >
              <svg
                aria-hidden="true"
                class="smarthr-ui-Icon group-[]/iconWrapper:shr-shrink-0 group-[]/iconWrapper:shr-translate-y-[0.125em] forced-colors:shr-fill-[CanvasText]"
                fill="currentColor"
                focusable="false"
                height="1em"
                role="img"
                stroke="currentColor"
                stroke-width="0"
                viewBox="0 0 448 512"
                width="1em"
                xmlns="http://www.w3.org/2000/svg"
              >
                <path
                  d="M224 256A128 128 0 1 0 224 0a128 128 0 1 0 0 256zm-45.7 48C79.8 304 0 383.8 0 482.3C0 498.7 13.3 512 29.7 512H418.3c16.4 0 29.7-13.3 29.7-29.7C448 383.8 368.2 304 269.7 304H178.3z"
                />
              </svg>
              <span>
                user-2
              </span>
            </span>
          </a>
          <span
            class="text-sm text-gray-600"
          >
            NaN-NaN-NaN NaN:NaN
          </span>
          <span
            class="text-sm flex items-center gap-1"
          >
            <svg
              aria-hidden="true"
              class="smarthr-ui-Icon group-[]/iconWrapper:shr-shrink-0 group-[]/iconWrapper:shr-translate-y-[0.125em] forced-colors:shr-fill-[CanvasText] text-yellow-500"
              fill="currentColor"
              focusable="false"
              height="1em"
              role="img"
              stroke="currentColor"
              stroke-width="0"
              viewBox="0 0 576 512"
              width="1em"
              xmlns="http://www.w3.org/2000/svg"
            >
              <path
                d="M316.9 18C311.6 7 300.4 0 288.1 0s-23.4 7-28.8 18L195 150.3 51.4 171.5c-12 1.8-22 10.2-25.7 21.7s-.7 24.2 7.9 32.7L137.8 329 113.2 474.7c-2 12 3 24.2 12.9 31.3s23 8 33.8 2.3l128.3-68.5 128.3 68.5c10.8 5.7 23.9 4.9 33.8-2.3s14.9-19.3 12.9-31.3L438.5 329 542.7 225.9c8.6-8.5 11.7-21.2 7.9-32.7s-13.7-19.9-25.7-21.7L381.2 150.3 316.9 18z"
              />
            </svg>
            <span />
          </span>
        </div>
        <button
          class="disabled:shr-cursor-not-allowed disabled:shr-bg-clip-padding [&_.smarthr-ui-Icon]:forced-colors:disabled:shr-fill-[GrayText] shr-box-border shr-cursor-pointer shr-inline-flex shr-justify-center shr-items-center shr-gap-0.5 shr-text-center shr-whitespace-nowrap shr-rounded-m shr-border-shorthand shr-font-inherit shr-font-bold shr-leading-none focus-visible:shr-focus-indicator contrast-more:shr-border-high-contrast [&_.smarthr-ui-Icon]:shr-block [&_svg]:shr-block shr-p-0.5 shr-text-sm shr-min-h-[calc(theme(fontSize.sm)+theme(spacing.1)+theme(borderWidth.2))] shr-border-main shr-bg-main shr-text-white focus-visible:shr-border-main-darken focus-visible:shr-bg-main-darken hover:shr-border-main-darken hover:shr-bg-main-darken disabled:shr-border-main/50 disabled:shr-bg-main/50 disabled:shr-text-white/50 smarthr-ui-Button"
          type="button"
        >
          <span
            class="shr-min-w-0 shr-leading-[0]"
          >
            <div
              class="flex items-center gap-2"
            >
              <svg
                aria-hidden="true"
                class="smarthr-ui-Icon group-[]/iconWrapper:shr-shrink-0 group-[]/iconWrapper:shr-translate-y-[0.125em] forced-colors:shr-fill-[CanvasText]"
                fill="currentColor"
                focusable="false"
                height="1em"
                role="img"
                stroke="currentColor"
                stroke-width="0"
                viewBox="0 0 576 512"
                width="1em"
                xmlns="http://www.w3.org/2000/svg"
              >
                <path
                  d="M316.9 18C311.6 7 300.4 0 288.1 0s-23.4 7-28.8 18L195 150.3 51.4 171.5c-12 1.8-22 10.2-25.7 21.7s-.7 24.2 7.9 32.7L137.8 329 113.2 474.7c-2 12 3 24.2 12.9 31.3s23 8 33.8 2.3l128.3-68.5 128.3 68.5c10.8 5.7 23.9 4.9 33.8-2.3s14.9-19.3 12.9-31.3L438.5 329 542.7 225.9c8.6-8.5 11.7-21.2 7.9-32.7s-13.7-19.9-25.7-21.7L381.2 150.3 316.9 18z"
                />
              </svg>
              <span>
                いいね
              </span>
            </div>
          </span>
        </button>
      </div>
      <p>
        Second post
      </p>
    </li>
  </ul>
</DocumentFragment>
`;
